[9/4/2026, 5:33:38 PM] 🛠 生成 Docker / nginx 配置文件
[9/4/2026, 5:33:38 PM] ✅ Docker / nginx 配置文件生成完成
[9/4/2026, 5:33:38 PM] 


🚀 开始部署流程
[9/4/2026, 5:33:38 PM] 开始【代码构建】流程...
[9/4/2026, 5:33:47 PM] ✅ 流程【代码构建】执行成功
[9/4/2026, 5:33:47 PM] 📦 正在打包...
[9/4/2026, 5:33:47 PM] 开始【静态资源打包】流程...
[9/4/2026, 5:33:48 PM] ✅ 流程【静态资源打包】执行成功
[9/4/2026, 5:33:48 PM] 连接服务器...
[9/4/2026, 5:33:48 PM] ✅ 服务器连接成功
[9/4/2026, 5:33:48 PM] 上传文件: ./assets.tar.gz => /root/web/assets.tar.gz
[9/4/2026, 5:33:49 PM] ✅ 文件上传成功
[9/4/2026, 5:33:49 PM] 开始【备份旧镜像】流程...
[9/4/2026, 5:33:49 PM] ✅ 【备份旧镜像】执行成功
[9/4/2026, 5:33:49 PM] 开始【远程部署】流程...
[9/4/2026, 5:33:49 PM] Dockerfile
nginx.conf
dist/
dist/index.html
dist/assets/
dist/favicon.svg
[9/4/2026, 5:33:49 PM] dist/assets/index-WvwNj2wY.css
[9/4/2026, 5:33:49 PM] dist/assets/index-D8yVOccn.js
dist/assets/date-BK3II4Hr.js
[9/4/2026, 5:33:49 PM] dist/assets/setting-D_geiwUp.js
dist/assets/courseTemplate-C7kaCoDk.js
dist/assets/index-CJeXKuui.js
dist/assets/index-ZZtoBJbM.js
dist/assets/index-DW7rccSW.js
dist/assets/request-CceiE6Q1.js
dist/assets/index-tCLI1kgd.js
dist/assets/index-C4SUVJQs.js
dist/assets/index-CBtlvdFe.css
dist/assets/index-B4JFulzZ.js
dist/assets/index-D_rKykCE.css
dist/assets/MainLayout-pIPeIFoI.css
dist/assets/index-Bb6yjXMn.js
[9/4/2026, 5:33:49 PM] dist/assets/admin-DatThPcb.js
dist/assets/idb-urGzuEQ0.js
dist/assets/index-B996L1SS.css
dist/assets/meta-DpakxbXB.js
dist/assets/index-Gva2p8ic.js
dist/assets/index-6nvOtwMV.css
dist/assets/index-C8wbW0QE.css
dist/assets/index-B42zWEQS.css
[9/4/2026, 5:33:49 PM] dist/assets/index-DBbPfPFi.css
[9/4/2026, 5:33:49 PM] dist/assets/auth-BQkDe3Cz.js
dist/assets/index-BtBmpQu0.js
[9/4/2026, 5:33:49 PM] dist/assets/index-Bs4pvZVF.css
[9/4/2026, 5:33:49 PM] dist/assets/organization-CiWR-q_q.js
[9/4/2026, 5:33:49 PM] dist/assets/CourseFormDialog-BEYNfUVb.js
[9/4/2026, 5:33:49 PM] dist/assets/index-BPk5kk-8.js
[9/4/2026, 5:33:49 PM] dist/assets/index-C7fiYZvw.js
dist/assets/index-B6gI3Kj_.js
dist/assets/index-B9MAicm1.css
dist/assets/index-BZIdMnQ7.css
[9/4/2026, 5:33:49 PM] dist/assets/index-B-XKmcSq.css
dist/assets/dashboard-u2xHpqPa.js
dist/assets/MainLayout-vOEHlBmW.js
dist/assets/index-DsjPtvll.js
dist/assets/course-Dlol1QPx.js
[9/4/2026, 5:33:49 PM] Error response from daemon: No such container: course-schedule-web
[9/4/2026, 5:33:49 PM] Error response from daemon: No such container: course-schedule-web
[9/4/2026, 5:33:49 PM] Error response from daemon: No such image: course-schedule-web:latest
[9/4/2026, 5:33:50 PM] #0 building with "default" instance using docker driver

#1 [internal] load build definition from Dockerfile
#1 transferring dockerfile:
[9/4/2026, 5:33:50 PM] #1 transferring dockerfile: 270B 0.0s done
#1 DONE 0.1s
[9/4/2026, 5:33:50 PM] #2 [internal] load metadata for docker.io/library/nginx:latest
[9/4/2026, 5:33:51 PM] #2 DONE 1.0s
[9/4/2026, 5:33:51 PM] 
#3 [internal] load .dockerignore
#3 transferring context: 2B done
[9/4/2026, 5:33:51 PM] #3 DONE 0.0s

#4 [1/3] FROM docker.io/library/nginx:latest@sha256:05b8cb60c354a44ab824ea6e7dc69b46d50762cdbe728a347a5b656e6fb3d7c4
#4 resolve docker.io/library/nginx:latest@sha256:05b8cb60c354a44ab824ea6e7dc69b46d50762cdbe728a347a5b656e6fb3d7c4 0.0s done
[9/4/2026, 5:33:52 PM] #4 ...

#5 [internal] load build context
[9/4/2026, 5:33:52 PM] #5 transferring context: 2.88MB 0.1s done
#5 DONE 0.1s

#4 [1/3] FROM docker.io/library/nginx:latest@sha256:05b8cb60c354a44ab824ea6e7dc69b46d50762cdbe728a347a5b656e6fb3d7c4
#4 sha256:05b8cb60c354a44ab824ea6e7dc69b46d50762cdbe728a347a5b656e6fb3d7c4 10.23kB / 10.23kB done
#4 sha256:988dc6ba913b85fe049a5d06452fe8766c4abda44a06614f47458ff4579330fd 2.29kB / 2.29kB done
[9/4/2026, 5:33:52 PM] #4 sha256:6310eb16bf4251731feab01e8f633bf5e2d75a657ccad97f420b1f83cce457be 0B / 29.79MB 0.2s
#4 sha256:956faab5efb34579d85a5c0b79f1b44c111197a0c1fea9c18b2e836821d68480 0B / 36.53MB 0.2s
#4 sha256:a44b5c8be61615ee48a9525b9aa459639de34e8e004ad3b3a6f52b793051da3c 0B / 629B 0.2s
#4 sha256:5f52b9aca7a79750b184f925afb376987f3101fe60b32356c19754bf504d1336 9.09kB / 9.09kB done
[9/4/2026, 5:33:52 PM] #4 sha256:6310eb16bf4251731feab01e8f633bf5e2d75a657ccad97f420b1f83cce457be 4.19MB / 29.79MB 0.4s
#4 sha256:956faab5efb34579d85a5c0b79f1b44c111197a0c1fea9c18b2e836821d68480 9.44MB / 36.53MB 0.4s
#4 sha256:a44b5c8be61615ee48a9525b9aa459639de34e8e004ad3b3a6f52b793051da3c 629B / 629B 0.4s done
#4 sha256:02fc02c4ab8d7c507d6a06a08833d6b669278849c9533729535984c86ff199cb 0B / 956B 0.4s
[9/4/2026, 5:33:52 PM] #4 sha256:6310eb16bf4251731feab01e8f633bf5e2d75a657ccad97f420b1f83cce457be 15.73MB / 29.79MB 0.6s
#4 sha256:956faab5efb34579d85a5c0b79f1b44c111197a0c1fea9c18b2e836821d68480 19.92MB / 36.53MB 0.6s
[9/4/2026, 5:33:52 PM] #4 sha256:02fc02c4ab8d7c507d6a06a08833d6b669278849c9533729535984c86ff199cb 956B / 956B 0.6s done
#4 sha256:c12f394dea35bb47b5511557233c5abec5360e40f9fade8f3ff1de488ecdc696 0B / 404B 0.7s
[9/4/2026, 5:33:52 PM] #4 sha256:6310eb16bf4251731feab01e8f633bf5e2d75a657ccad97f420b1f83cce457be 29.79MB / 29.79MB 0.8s done
#4 sha256:956faab5efb34579d85a5c0b79f1b44c111197a0c1fea9c18b2e836821d68480 34.60MB / 36.53MB 0.8s
#4 sha256:07db7bf2649b9fe0ccc9c86378fc5ed36e90bdfe6acf529e567c45ee96a2b9c3 0B / 1.21kB 0.8s
[9/4/2026, 5:33:52 PM] #4 extracting sha256:6310eb16bf4251731feab01e8f633bf5e2d75a657ccad97f420b1f83cce457be
[9/4/2026, 5:33:52 PM] #4 sha256:956faab5efb34579d85a5c0b79f1b44c111197a0c1fea9c18b2e836821d68480 36.53MB / 36.53MB 0.8s done
#4 sha256:f340c1b7c1d6861ed76e1adc2630b145227b071b54259bc97e318297cb4b8156 0B / 1.40kB 0.9s
[9/4/2026, 5:33:52 PM] #4 sha256:c12f394dea35bb47b5511557233c5abec5360e40f9fade8f3ff1de488ecdc696 404B / 404B 0.9s done
[9/4/2026, 5:33:52 PM] #4 sha256:07db7bf2649b9fe0ccc9c86378fc5ed36e90bdfe6acf529e567c45ee96a2b9c3 1.21kB / 1.21kB 1.0s done
[9/4/2026, 5:33:53 PM] #4 sha256:f340c1b7c1d6861ed76e1adc2630b145227b071b54259bc97e318297cb4b8156 1.40kB / 1.40kB 1.1s done
[9/4/2026, 5:33:53 PM] #4 extracting sha256:6310eb16bf4251731feab01e8f633bf5e2d75a657ccad97f420b1f83cce457be 0.9s done
[9/4/2026, 5:33:53 PM] #4 extracting sha256:956faab5efb34579d85a5c0b79f1b44c111197a0c1fea9c18b2e836821d68480
[9/4/2026, 5:33:54 PM] #4 extracting sha256:956faab5efb34579d85a5c0b79f1b44c111197a0c1fea9c18b2e836821d68480 0.6s done
#4 extracting sha256:a44b5c8be61615ee48a9525b9aa459639de34e8e004ad3b3a6f52b793051da3c
[9/4/2026, 5:33:54 PM] #4 extracting sha256:a44b5c8be61615ee48a9525b9aa459639de34e8e004ad3b3a6f52b793051da3c done
#4 extracting sha256:02fc02c4ab8d7c507d6a06a08833d6b669278849c9533729535984c86ff199cb done
#4 extracting sha256:c12f394dea35bb47b5511557233c5abec5360e40f9fade8f3ff1de488ecdc696 done
#4 extracting sha256:07db7bf2649b9fe0ccc9c86378fc5ed36e90bdfe6acf529e567c45ee96a2b9c3 done
#4 extracting sha256:f340c1b7c1d6861ed76e1adc2630b145227b071b54259bc97e318297cb4b8156 done
[9/4/2026, 5:33:54 PM] #4 DONE 2.9s
[9/4/2026, 5:33:54 PM] 
#6 [2/3] COPY nginx.conf /etc/nginx/nginx.conf
[9/4/2026, 5:33:55 PM] #6 DONE 0.3s
[9/4/2026, 5:33:55 PM] 
#7 [3/3] COPY ./dist /usr/share/nginx/html
#7 DONE 0.0s

#8 exporting to image
#8 exporting layers 0.0s done
#8 writing image sha256:f0679b1994f51973ad213256454995ddf6da42b8ea18190bc04f7f6e673598d8 done
#8 naming to docker.io/library/course-schedule-web done
#8 DONE 0.2s
[9/4/2026, 5:33:55 PM] 60ce83b750a3c18ca9bc0cee6eded5ecae6a6a6712275c953258253371f6792d
[9/4/2026, 5:33:56 PM] CONTAINER ID   IMAGE
[9/4/2026, 5:33:56 PM]  COMMAND                  CREATED        STATUS                  PORTS                                       NAMES
60ce83b750a3   course-schedule-web   "/docker-entrypoint.…"   1 second ago   Up Less than a second   0.0.0.0:8888->80/tcp, :::8888->80/tcp       course-schedule-web
78675304e50b   task-spring-boot      "java -jar task-spri…"   3 months ago   Up 7 days               0.0.0.0:5000->5000/tcp, :::5000->5000/tcp   task-spring-boot
[9/4/2026, 5:33:56 PM] ✅ 【远程部署】执行成功
[9/4/2026, 5:33:56 PM] 🔍 健康检查: http://140.143.168.25:80/ (最多 12 次, 间隔 5s)
[9/4/2026, 5:33:56 PM] ⏳ 第 1 次检查失败 (HTTP 502)，5s 后重试...
[9/4/2026, 5:34:01 PM] ⏳ 第 1 次检查失败 (请求超时)，5s 后重试...
[9/4/2026, 5:34:01 PM] ⏳ 第 2 次检查失败 (HTTP 502)，5s 后重试...
[9/4/2026, 5:34:06 PM] ⏳ 第 3 次检查失败 (请求超时)，5s 后重试...
[9/4/2026, 5:34:06 PM] ⏳ 第 3 次检查失败 (HTTP 502)，5s 后重试...
[9/4/2026, 5:34:06 PM] ⏳ 第 4 次检查失败 (HTTP 502)，5s 后重试...
[9/4/2026, 5:34:11 PM] ⏳ 第 5 次检查失败 (请求超时)，5s 后重试...
[9/4/2026, 5:34:11 PM] ⏳ 第 6 次检查失败 (HTTP 502)，5s 后重试...
[9/4/2026, 5:34:11 PM] ⏳ 第 6 次检查失败 (HTTP 502)，5s 后重试...
[9/4/2026, 5:34:11 PM] ⏳ 第 6 次检查失败 (请求超时)，5s 后重试...
[9/4/2026, 5:34:11 PM] ⏳ 第 7 次检查失败 (HTTP 502)，5s 后重试...
[9/4/2026, 5:34:16 PM] ⏳ 第 8 次检查失败 (请求超时)，5s 后重试...
[9/4/2026, 5:34:16 PM] ⏳ 第 9 次检查失败 (HTTP 502)，5s 后重试...
[9/4/2026, 5:34:16 PM] ⏳ 第 9 次检查失败 (请求超时)，5s 后重试...
[9/4/2026, 5:34:16 PM] ⏳ 第 11 次检查失败 (HTTP 502)，5s 后重试...
[9/4/2026, 5:34:16 PM] ⏳ 第 11 次检查失败 (HTTP 502)，5s 后重试...
[9/4/2026, 5:34:16 PM] ⏳ 第 11 次检查失败 (请求超时)，5s 后重试...
[9/4/2026, 5:34:16 PM] ⏳ 第 11 次检查失败 (HTTP 502)，5s 后重试...
[9/4/2026, 5:34:16 PM] ❌ 健康检查失败: 健康检查失败: HTTP 502 (已尝试 12 次)
[9/4/2026, 5:34:16 PM] ❌ 部署失败: 健康检查失败: HTTP 502 (已尝试 12 次)
[9/4/2026, 5:34:16 PM] 🔄 尝试回滚到上一版本...
[9/4/2026, 5:34:16 PM] 开始【回滚到上一版本】流程...
[9/4/2026, 5:34:17 PM] course-schedule-web
[9/4/2026, 5:34:17 PM] course-schedule-web
[9/4/2026, 5:34:17 PM] Error response from daemon: No such image: course-schedule-web:previous
[9/4/2026, 5:34:17 PM] 1d361ad119cd94a78e185b23945039471598eb6201a4356d6bbab504e1f382c5
[9/4/2026, 5:34:17 PM] ✅ 【回滚到上一版本】执行成功
[9/4/2026, 5:34:17 PM] ✅ 已回滚到上一版本
[9/4/2026, 5:34:17 PM] 已清理临时文件: assets.tar.gz
[9/4/2026, 5:34:17 PM] 已清理临时文件: Dockerfile
[9/4/2026, 5:34:17 PM] 已清理临时文件: nginx.conf
[9/4/2026, 5:34:17 PM] 断开服务器连接
[9/4/2026, 5:56:40 PM] 🛠 生成 Docker / nginx 配置文件
[9/4/2026, 5:56:40 PM] ✅ Docker / nginx 配置文件生成完成
[9/4/2026, 5:56:40 PM] 


🚀 开始部署流程
[9/4/2026, 5:56:40 PM] 开始【代码构建】流程...
[9/4/2026, 5:56:50 PM] ✅ 流程【代码构建】执行成功
[9/4/2026, 5:56:50 PM] 📦 正在打包...
[9/4/2026, 5:56:50 PM] 开始【静态资源打包】流程...
[9/4/2026, 5:56:50 PM] ✅ 流程【静态资源打包】执行成功
[9/4/2026, 5:56:50 PM] 连接服务器...
[9/4/2026, 5:56:50 PM] ✅ 服务器连接成功
[9/4/2026, 5:56:50 PM] 上传文件: ./assets.tar.gz => /root/web/assets.tar.gz
[9/4/2026, 5:56:52 PM] ✅ 文件上传成功
[9/4/2026, 5:56:52 PM] 开始【备份旧镜像】流程...
[9/4/2026, 5:56:52 PM] ✅ 【备份旧镜像】执行成功
[9/4/2026, 5:56:52 PM] 开始【远程部署】流程...
[9/4/2026, 5:56:52 PM] Dockerfile
nginx.conf
dist/
dist/index.html
dist/assets/
dist/favicon.svg
dist/assets/index-WvwNj2wY.css
dist/assets/index-D8yVOccn.js
dist/assets/date-BK3II4Hr.js
dist/assets/setting-D_geiwUp.js
dist/assets/courseTemplate-C7kaCoDk.js
dist/assets/index-CJeXKuui.js
dist/assets/index-ZZtoBJbM.js
dist/assets/index-DW7rccSW.js
[9/4/2026, 5:56:52 PM] dist/assets/request-CceiE6Q1.js
dist/assets/index-tCLI1kgd.js
dist/assets/index-C4SUVJQs.js
dist/assets/index-CBtlvdFe.css
dist/assets/index-B4JFulzZ.js
dist/assets/index-D_rKykCE.css
dist/assets/MainLayout-pIPeIFoI.css
dist/assets/index-Bb6yjXMn.js
[9/4/2026, 5:56:52 PM] dist/assets/admin-DatThPcb.js
dist/assets/idb-urGzuEQ0.js
dist/assets/index-B996L1SS.css
dist/assets/meta-DpakxbXB.js
[9/4/2026, 5:56:52 PM] dist/assets/index-Gva2p8ic.js
[9/4/2026, 5:56:52 PM] dist/assets/index-6nvOtwMV.css
dist/assets/index-C8wbW0QE.css
dist/assets/index-B42zWEQS.css
dist/assets/index-DBbPfPFi.css
dist/assets/auth-BQkDe3Cz.js
dist/assets/index-BtBmpQu0.js
dist/assets/index-Bs4pvZVF.css
dist/assets/organization-CiWR-q_q.js
dist/assets/CourseFormDialog-BEYNfUVb.js
dist/assets/index-BPk5kk-8.js
[9/4/2026, 5:56:52 PM] dist/assets/index-C7fiYZvw.js
dist/assets/index-B6gI3Kj_.js
dist/assets/index-B9MAicm1.css
dist/assets/index-BZIdMnQ7.css
[9/4/2026, 5:56:52 PM] dist/assets/index-B-XKmcSq.css
dist/assets/dashboard-u2xHpqPa.js
dist/assets/MainLayout-vOEHlBmW.js
dist/assets/index-DsjPtvll.js
dist/assets/course-Dlol1QPx.js
[9/4/2026, 5:56:52 PM] course-schedule-web
[9/4/2026, 5:56:52 PM] course-schedule-web
[9/4/2026, 5:56:52 PM] Untagged: course-schedule-web:latest
[9/4/2026, 5:56:53 PM] #0 building with "default" instance using docker driver

#1 [internal] load build definition from Dockerfile
#1 transferring dockerfile: 270B done
[9/4/2026, 5:56:53 PM] #1 DONE 0.0s

#2 [internal] load metadata for docker.io/library/nginx:latest
[9/4/2026, 5:56:53 PM] #2 DONE 0.3s
[9/4/2026, 5:56:53 PM] 
#3 [internal] load .dockerignore
#3 transferring context: 2B done
#3 DONE 0.0s

#4 [1/3] FROM docker.io/library/nginx:latest@sha256:05b8cb60c354a44ab824ea6e7dc69b46d50762cdbe728a347a5b656e6fb3d7c4
#4 DONE 0.0s
[9/4/2026, 5:56:53 PM] #5 [internal] load build context
#5 transferring context: 2.88MB 0.0s done
#5 DONE 0.0s

#6 [2/3] COPY nginx.conf /etc/nginx/nginx.conf
#6 CACHED

#7 [3/3] COPY ./dist /usr/share/nginx/html
[9/4/2026, 5:56:53 PM] #7 CACHED

#8 exporting to image
#8 exporting layers done
#8 writing image sha256:f0679b1994f51973ad213256454995ddf6da42b8ea18190bc04f7f6e673598d8 done
#8 naming to docker.io/library/course-schedule-web done
#8 DONE 0.0s
[9/4/2026, 5:56:53 PM] 395c4ae9e6ca7fd88f9e0fb154edbbbabe06ab6ad8453dda8906740b74563022
[9/4/2026, 5:56:53 PM] CONTAINER ID   IMAGE                 COMMAND                  CREATED                  STATUS                  PORTS                                       NAMES
395c4ae9e6ca   course-schedule-web   "/docker-entrypoint.…"   Less than a second ago   Up Less than a second   0.0.0.0:8888->80/tcp, :::8888->80/tcp       course-schedule-web
78675304e50b   task-spring-boot      "java -jar task-spri…"   3 months ago             Up 7 days               0.0.0.0:5000->5000/tcp, :::5000->5000/tcp   task-spring-boot
[9/4/2026, 5:56:53 PM] ✅ 【远程部署】执行成功
[9/4/2026, 5:56:53 PM] 🔍 健康检查: http://140.143.168.25:8888/ (最多 12 次, 间隔 5s)
[9/4/2026, 5:56:53 PM] ⏳ 第 1 次检查失败 (connect ECONNREFUSED 140.143.168.25:8888)，5s 后重试...
[9/4/2026, 5:56:58 PM] ✅ 健康检查通过 (200)，尝试 2 次
[9/4/2026, 5:56:58 PM] ✅ Docker(Web)部署成功
[9/4/2026, 5:56:58 PM] 已清理临时文件: assets.tar.gz
[9/4/2026, 5:56:58 PM] 已清理临时文件: Dockerfile
[9/4/2026, 5:56:58 PM] 已清理临时文件: nginx.conf
[9/4/2026, 5:56:58 PM] 断开服务器连接
[9/6/2026, 10:30:39 PM] 🛠 生成 Docker / nginx 配置文件
[9/6/2026, 10:30:39 PM] ✅ Docker / nginx 配置文件生成完成
[9/6/2026, 10:30:39 PM] 


🚀 开始部署流程
[9/6/2026, 10:30:39 PM] 开始【代码构建】流程...
[9/6/2026, 10:30:46 PM] ✅ 流程【代码构建】执行成功
[9/6/2026, 10:30:46 PM] 📦 正在打包...
[9/6/2026, 10:30:46 PM] 开始【静态资源打包】流程...
[9/6/2026, 10:30:46 PM] ✅ 流程【静态资源打包】执行成功
[9/6/2026, 10:30:46 PM] 连接服务器...
[9/6/2026, 10:30:46 PM] ✅ 服务器连接成功
[9/6/2026, 10:30:46 PM] 上传文件: ./assets.tar.gz => /root/web/assets.tar.gz
[9/6/2026, 10:30:47 PM] ✅ 文件上传成功
[9/6/2026, 10:30:47 PM] 开始【备份旧镜像】流程...
[9/6/2026, 10:30:47 PM] ✅ 【备份旧镜像】执行成功
[9/6/2026, 10:30:47 PM] 开始【远程部署】流程...
[9/6/2026, 10:30:47 PM] Dockerfile
nginx.conf
dist/
dist/index.html
dist/assets/
dist/favicon.svg
dist/assets/index-WvwNj2wY.css
dist/assets/organization-tKrON2Db.js
dist/assets/admin-9eofmZV-.js
dist/assets/setting-CEfaWxFT.js
dist/assets/index-CPzsXYO-.js
dist/assets/MainLayout-BCVf__Po.js
dist/assets/idb-CkMxEalT.js
dist/assets/date-vxgKFkMP.js
dist/assets/index-BhSE3IsA.js
dist/assets/MainLayout-B6LUnaAH.css
dist/assets/index-CBtlvdFe.css
dist/assets/index-OIEzjxRr.css
[9/6/2026, 10:30:47 PM] dist/assets/index-D_rKykCE.css
dist/assets/index-Bb6yjXMn.js
[9/6/2026, 10:30:47 PM] dist/assets/index-BUbD33Em.js
dist/assets/index-C8N8c5GQ.js
dist/assets/auth-B-ljSnQc.js
dist/assets/index-DYblcxXS.js
dist/assets/index-BrcBelxg.css
dist/assets/courseTemplate-Z1ZO_0zC.js
dist/assets/CourseFormDialog-FHbRhMGz.js
dist/assets/index-6nvOtwMV.css
dist/assets/meta-yZHsZ0zw.js
dist/assets/index-B42zWEQS.css
dist/assets/index-D4_YJts5.js
dist/assets/index-C5OBrvLJ.js
dist/assets/course-BhdvEaUf.js
dist/assets/dashboard-CVwsuJI6.js
dist/assets/index-DBbPfPFi.css
dist/assets/index-Bs4pvZVF.css
dist/assets/index-DjiizKyH.css
dist/assets/index-BWgbv50v.js
dist/assets/index-DQahsDos.js
dist/assets/index-L4w-3km9.js
[9/6/2026, 10:30:47 PM] dist/assets/index-DqGr1sv0.js
dist/assets/index-BZIdMnQ7.css
[9/6/2026, 10:30:47 PM] dist/assets/request-Cnf3s0Mo.js
[9/6/2026, 10:30:47 PM] dist/assets/index-B-XKmcSq.css
dist/assets/index-CGi6VqH1.js
dist/assets/index-B_ogliz1.js
[9/6/2026, 10:30:48 PM] course-schedule-web
[9/6/2026, 10:30:48 PM] course-schedule-web
[9/6/2026, 10:30:48 PM] Untagged: course-schedule-web:latest
[9/6/2026, 10:30:49 PM] #0 building with "default" instance using docker driver

#1 [internal] load build definition from Dockerfile
#1 transferring dockerfile: 270B done
[9/6/2026, 10:30:49 PM] #1 DONE 0.0s

#2 [internal] load metadata for docker.io/library/nginx:latest
[9/6/2026, 10:30:49 PM] #2 DONE 0.4s
[9/6/2026, 10:30:49 PM] 
#3 [internal] load .dockerignore
#3 transferring context: 2B done
#3 DONE 0.0s

#4 [1/3] FROM docker.io/library/nginx:latest@sha256:05b8cb60c354a44ab824ea6e7dc69b46d50762cdbe728a347a5b656e6fb3d7c4
[9/6/2026, 10:30:49 PM] #4 DONE 0.0s

#5 [internal] load build context
#5 transferring context: 2.89MB 0.0s done
[9/6/2026, 10:30:49 PM] #5 DONE 0.0s

#6 [2/3] COPY nginx.conf /etc/nginx/nginx.conf
#6 CACHED

#7 [3/3] COPY ./dist /usr/share/nginx/html
#7 DONE 0.0s
[9/6/2026, 10:30:49 PM] 
#8 exporting to image
#8 exporting layers 0.0s done
#8 writing image sha256:11578d46c96e74e62f04cdc4068f6ea4f76676f42d457c6c9a5ce7e2150fcf2f done
#8 naming to docker.io/library/course-schedule-web done
#8 DONE 0.1s
[9/6/2026, 10:30:49 PM] e0a89380a816db472a4fe8d3242bf7c975b9f4f74a14e3a304fcfeea95391edb
[9/6/2026, 10:30:49 PM] CONTAINER ID   IMAGE                           COMMAND                  CREATED        STATUS                  PORTS                                                 NAMES
e0a89380a816   course-schedule-web             "/docker-entrypoint.…"   1 second ago   Up Less than a second   0.0.0.0:8888->80/tcp, :::8888->80/tcp                 course-schedule-web
85310dc72856   course-schedule-server:latest   "java -jar app.jar -…"   23 hours ago   Up 23 hours             9999/tcp, 0.0.0.0:9999->8080/tcp, :::9999->8080/tcp   course-schedule-server
[9/6/2026, 10:30:49 PM] ✅ 【远程部署】执行成功
[9/6/2026, 10:30:49 PM] 🔍 健康检查: http://140.143.168.25:8888/ (最多 12 次, 间隔 5s)
[9/6/2026, 10:30:49 PM] ⏳ 第 1 次检查失败 (connect ECONNREFUSED 140.143.168.25:8888)，5s 后重试...
[9/6/2026, 10:30:54 PM] ✅ 健康检查通过 (200)，尝试 2 次
[9/6/2026, 10:30:55 PM] ✅ Docker(Web)部署成功
[9/6/2026, 10:30:55 PM] 已清理临时文件: assets.tar.gz
[9/6/2026, 10:30:55 PM] 已清理临时文件: Dockerfile
[9/6/2026, 10:30:55 PM] 已清理临时文件: nginx.conf
[9/6/2026, 10:30:55 PM] 断开服务器连接
